[Error] Origin http://127.0.0.1:5502 is not allowed by Access-Control-Allow-Origin. Status code: 200
[Error] Failed to load resource: Origin http://127.0.0.1:5502 is not allowed by Access-Control-Allow-Origin. Status code: 200 (track, line 0)
[Error] Blocked a frame with origin "https://www.youtube.com" from accessing a frame with origin "http://127.0.0.1:5502".  The frame requesting access has a protocol of "https", the frame being accessed has a protocol of "http". Protocols must match.

	(anonymous function) (bootstrap-autofill-overlay-notifications.js:3776)
	(anonymous function) (bootstrap-autofill-overlay-notifications.js:3341)
	Promise
	(anonymous function) (bootstrap-autofill-overlay-notifications.js:3337)
	setupOverlayOnField (bootstrap-autofill-overlay-notifications.js:7230)
	(anonymous function) (bootstrap-autofill-overlay-notifications.js:7215)
	forEach
	setupOverlayListeners (bootstrap-autofill-overlay-notifications.js:7214)
	(anonymous function) (bootstrap-autofill-overlay-notifications.js:6368)
	fulfilled (bootstrap-autofill-overlay-notifications.js:6150)
[Error] Failed to load resource: the server responded with a status of 429 () (fp, line 0)
[Error] Failed to load resource: the server responded with a status of 429 (Too Many Requests) (fp, line 0)
[Error] Blocked a frame with origin "https://passport.twitch.tv" from accessing a frame with origin "https://player.twitch.tv". Protocols, domains, and ports must match.
	l
	f
	(anonymous function)
	l
	f
	(anonymous function)
	l
	f
	(anonymous function)
	l
	f
	f
	(anonymous function)
	(anonymous function)
	l
	f
	(anonymous function)
	l
	f
	Promise
	(anonymous function)
	l
	f
	(anonymous function)
	l
	(anonymous function)
	Global Code
[Error] Blocked a frame with origin "https://gql.twitch.tv" from accessing a frame with origin "https://player.twitch.tv". Protocols, domains, and ports must match.
	l
	f
	(anonymous function)
	l
	f
	(anonymous function)
	l
	f
	(anonymous function)
	l
	f
	f
	(anonymous function)
	(anonymous function)
	l
	f
	(anonymous function)
	l
	f
	Promise
	(anonymous function)
	l
	f
	(anonymous function)
	l
	(anonymous function)
	Global Code
[Error] Blocked a frame with origin "https://player.twitch.tv" from accessing a frame with origin "http://127.0.0.1:5502".  The frame requesting access has a protocol of "https", the frame being accessed has a protocol of "http". Protocols must match.

	(anonymous function) (bootstrap-autofill-overlay-notifications.js:3776)
	(anonymous function) (bootstrap-autofill-overlay-notifications.js:3341)
	Promise
	(anonymous function) (bootstrap-autofill-overlay-notifications.js:3337)
	setupOverlayOnField (bootstrap-autofill-overlay-notifications.js:7230)
	(anonymous function) (bootstrap-autofill-overlay-notifications.js:7215)
	forEach
	setupOverlayListeners (bootstrap-autofill-overlay-notifications.js:7214)
	(anonymous function) (bootstrap-autofill-overlay-notifications.js:6368)
	fulfilled (bootstrap-autofill-overlay-notifications.js:6150)
